// Vitest Snapshot v1, https://vitest.dev/guide/snapshot.html

exports[`Should render AddQuote component > Should macth snapshot 1`] = `
<div
  aria-hidden="true"
/>
`;
